// Jest Snapshot v1, https://goo.gl/fbAQLP

exports[`<HomePage /> should render and match the snapshot 1`] = `
<div>
  <h1>
    <span>
      Add to the String Stack
    </span>
  </h1>
  <div>
    <p>
      Welcome to the Stacker!
    </p>
    <p>
      Enter your string and click Submit to add a new string to the top of the stack.
    </p>
  </div>
  <div>
    <form
      method="POST"
    >
      <label
        for="clientString"
      >
        <input
          name="clientString"
        />
      </label>
      <button
        type="submit"
      >
        Submit
      </button>
    </form>
  </div>
</div>
`;
